Program
Statement
Jump
Expr
Term
Factor
Number
Factor
Expr
Term
Factor
Expr
Term
Factor
Number
Term
Factor
Expr
Term
Factor
Number
Factor
Expr
Term
Factor
Number
Term
Factor
Expr
Term
Factor
Number
Factor
Number
Factor
Number
Term
Factor
Expr
Term
Factor
Number
Factor
Number
Term
Factor
Number
Factor
Expr
Term
Factor
Number
Term
Factor
Number
Factor
Number
Term
Factor
Expr
Term
Factor
Number
Factor
Expr
Term
Factor
Number
Term
Factor
Number
Term
Factor
Expr
Term
Factor
Number
Factor
Number
Factor
Expr
Term
Factor
Number
Term
Factor
Number
Factor
Number
Term
Factor
Number
Factor
Number
Factor
Number
Term
Factor
Number
Factor
Number
Factor
Number
Factor
Number
